CoACD params: {'threshold': 0.4, 'mcts_iterations': 20, 'mcts_nodes': 10, 'preprocess_resolution': 30}
skinned bones with geometry: 80
  [1/80] J_Bip_C_Hips tris=1272
  [2/80] J_Aim_L_UpperLeg tris=240
  [3/80] J_Roll_L_UpperLeg tris=162
  [4/80] J_Sec_L_TopsUpperLegBack tris=216
  [5/80] J_Sec_L_TopsUpperLegFront tris=218
  [6/80] J_Sec_L_TopsUpperLegSide tris=12906
  [7/80] J_Aim_R_UpperLeg tris=114
  [8/80] J_Bip_C_Spine tris=154
  [9/80] J_Bip_C_Chest tris=352
  [10/80] J_Bip_C_UpperChest tris=280
  [11/80] J_Bip_C_Neck tris=190
  [12/80] J_Bip_C_Head tris=2402
  [13/80] J_Bip_L_Shoulder tris=352
  [14/80] J_Aim_L_Shoulder tris=509
  [15/80] J_Roll_L_UpperArm tris=82
  [16/80] J_Aim_L_TopsUpperArm tris=492
  [17/80] J_Sec_L_TopsUpperArmInside tris=352
  [18/80] J_Sec_L_TopsUpperArmOutside tris=14
  [19/80] J_Bip_L_UpperArm tris=143
  [20/80] J_Bip_L_LowerArm tris=251
  [21/80] J_Bip_L_Hand tris=396
  [22/80] J_Bip_L_Index1 tris=311
  [23/80] J_Bip_L_Index2 tris=284
  [24/80] J_Bip_L_Index3 tris=84
  [25/80] J_Bip_L_Little1 tris=63
  [26/80] J_Bip_L_Little2 tris=250
  [27/80] J_Bip_L_Little3 tris=306
  [28/80] J_Bip_L_Middle1 tris=272
  [29/80] J_Bip_L_Middle2 tris=250
  [30/80] J_Bip_L_Middle3 tris=304
  [31/80] J_Bip_L_Ring1 tris=64
  [32/80] J_Bip_L_Ring2 tris=258
  [33/80] J_Bip_L_Ring3 tris=298
  [34/80] J_Bip_L_Thumb1 tris=263
  [35/80] J_Bip_L_Thumb2 tris=282
  [36/80] J_Bip_L_Thumb3 tris=310
  [37/80] J_Roll_L_Hand tris=585
  [38/80] J_Roll_L_LowerArm tris=160
  [39/80] J_Roll_L_Elbow tris=60
  [40/80] J_Bip_R_Shoulder tris=454
  [41/80] J_Aim_R_Shoulder tris=279
  [42/80] J_Roll_R_UpperArm tris=82
  [43/80] J_Aim_R_TopsUpperArm tris=304
  [44/80] J_Sec_R_TopsUpperArmInside tris=90
  [45/80] J_Sec_R_TopsUpperArmOutside tris=14
  [46/80] J_Bip_R_UpperArm tris=143
  [47/80] J_Bip_R_LowerArm tris=229
  [48/80] J_Bip_R_Hand tris=370
  [49/80] J_Bip_R_Index1 tris=281
  [50/80] J_Bip_R_Index2 tris=240
  [51/80] J_Bip_R_Index3 tris=290
  [52/80] J_Bip_R_Little1 tris=63
  [53/80] J_Bip_R_Little2 tris=262
  [54/80] J_Bip_R_Little3 tris=308
  [55/80] J_Bip_R_Middle1 tris=276
  [56/80] J_Bip_R_Middle2 tris=244
  [57/80] J_Bip_R_Middle3 tris=306
  [58/80] J_Bip_R_Ring1 tris=64
  [59/80] J_Bip_R_Ring2 tris=250
  [60/80] J_Bip_R_Ring3 tris=336
  [61/80] J_Bip_R_Thumb1 tris=293
  [62/80] J_Bip_R_Thumb2 tris=316
  [63/80] J_Bip_R_Thumb3 tris=330
  [64/80] J_Roll_R_Hand tris=207
  [65/80] J_Roll_R_LowerArm tris=400
  [66/80] J_Roll_R_Elbow tris=60
  [67/80] J_Sec_L_Bust1 tris=46
  [68/80] J_Sec_L_Bust2 tris=254
  [69/80] J_Sec_R_Bust1 tris=288
  [70/80] J_Sec_R_Bust2 tris=240
  [71/80] J_Bip_L_UpperLeg tris=528
  [72/80] J_Bip_L_LowerLeg tris=630
  [73/80] J_Bip_L_Foot tris=528
  [74/80] J_Bip_L_ToeBase tris=214
  [75/80] J_Bip_R_UpperLeg tris=420
  [76/80] J_Bip_R_LowerLeg tris=630
  [77/80] J_Bip_R_Foot tris=506
  [78/80] J_Bip_R_ToeBase tris=190

bone                                 verts    tris  hulls
J_Bip_C_Head                          1470    2402      8
J_Bip_C_Hips                           906    1272      6
J_Aim_R_UpperLeg                        99     114      5
J_Bip_C_UpperChest                     237     280      5
J_Bip_C_Neck                           179     190      4
J_Roll_L_UpperArm                       65      82      4
J_Bip_L_UpperArm                       100     143      4
J_Bip_L_Index3                          73      84      4
J_Roll_L_LowerArm                      107     160      4
J_Roll_R_UpperArm                       65      82      4
J_Bip_R_UpperArm                       100     143      4
J_Bip_R_ToeBase                        135     190      4
J_Bip_C_Chest                          274     352      3
J_Aim_L_UpperLeg                       231     240      2
J_Sec_L_TopsUpperLegFront              152     218      2
J_Sec_L_TopsUpperLegSide              8880   12906      2
J_Bip_C_Spine                          172     154      2
J_Bip_L_Shoulder                       311     352      2
J_Aim_L_Shoulder                       408     509      2
J_Aim_L_TopsUpperArm                   400     492      2
... 58 more bones

bones decomposed : 78
input triangles  : 36466
TOTAL HULLS      : 176
mean hulls/bone  : 2.3
written          : hulls_pixiv.npz
